ERROR: 2025/08/29 00:52:06 logger.go:35: Invalid ID format: strconv.Atoi: parsing "search/": invalid syntax
ERROR: 2025/08/29 00:53:10 logger.go:35: Invalid ID format: strconv.Atoi: parsing "search/Batman": invalid syntax
ERROR: 2025/08/29 00:53:17 logger.go:35: Invalid ID format: strconv.Atoi: parsing "search/id=4": invalid syntax
ERROR: 2025/08/29 00:54:16 logger.go:35: Invalid ID format: strconv.Atoi: parsing "search/q=batman": invalid syntax
ERROR: 2025/08/29 00:54:17 logger.go:35: Invalid ID format: strconv.Atoi: parsing "search/q=batman": invalid syntax
ERROR: 2025/08/29 00:54:38 logger.go:35: Invalid ID format: strconv.Atoi: parsing "": invalid syntax
ERROR: 2025/08/29 00:54:45 logger.go:35: Invalid ID format: strconv.Atoi: parsing "top/": invalid syntax
ERROR: 2025/08/29 00:54:48 logger.go:35: Invalid ID format: strconv.Atoi: parsing "top/": invalid syntax
ERROR: 2025/08/29 00:55:11 logger.go:35: Invalid ID format: strconv.Atoi: parsing "top/": invalid syntax
ERROR: 2025/08/29 00:55:34 logger.go:35: Invalid ID format: strconv.Atoi: parsing "top/": invalid syntax
ERROR: 2025/08/29 00:55:36 logger.go:35: Invalid ID format: strconv.Atoi: parsing "top/": invalid syntax
ERROR: 2025/08/29 00:55:53 logger.go:35: Invalid ID format: strconv.Atoi: parsing "top/": invalid syntax
ERROR: 2025/08/29 00:56:40 logger.go:35: Invalid ID format: strconv.Atoi: parsing "top/": invalid syntax
ERROR: 2025/08/29 00:56:46 logger.go:35: Invalid ID format: strconv.Atoi: parsing "top/": invalid syntax
ERROR: 2025/08/29 00:57:16 logger.go:35: Invalid ID format: strconv.Atoi: parsing "top/": invalid syntax
ERROR: 2025/08/29 00:57:17 logger.go:35: Invalid ID format: strconv.Atoi: parsing "top/": invalid syntax
ERROR: 2025/08/29 00:57:18 logger.go:35: Invalid ID format: strconv.Atoi: parsing "top/": invalid syntax
ERROR: 2025/08/29 00:59:07 logger.go:35: Invalid ID format: strconv.Atoi: parsing "top/": invalid syntax
ERROR: 2025/08/29 01:00:42 logger.go:35: Invalid ID format: strconv.Atoi: parsing "top/": invalid syntax
ERROR: 2025/08/29 01:01:02 logger.go:35: Invalid ID format: strconv.Atoi: parsing "top/": invalid syntax
ERROR: 2025/08/29 01:02:56 logger.go:35: Invalid ID format: strconv.Atoi: parsing "top/": invalid syntax
ERROR: 2025/08/29 01:03:00 logger.go:35: Failed to query movies: missing "=" after "your_database_url_here" in connection info string"
ERROR: 2025/08/29 01:03:00 logger.go:35: Error getting top movies: missing "=" after "your_database_url_here" in connection info string"
ERROR: 2025/08/29 01:05:58 logger.go:35: Failed to query movies: missing "=" after "your_database_url_here" in connection info string"
ERROR: 2025/08/29 01:05:58 logger.go:35: Error getting top movies: missing "=" after "your_database_url_here" in connection info string"
ERROR: 2025/08/29 01:06:27 logger.go:35: Failed to query movies: missing "=" after "your_database_url_here" in connection info string"
ERROR: 2025/08/29 01:06:27 logger.go:35: Error getting top movies: missing "=" after "your_database_url_here" in connection info string"
ERROR: 2025/08/29 01:06:28 logger.go:35: Failed to query movies: missing "=" after "your_database_url_here" in connection info string"
ERROR: 2025/08/29 01:06:28 logger.go:35: Error getting top movies: missing "=" after "your_database_url_here" in connection info string"
ERROR: 2025/08/29 01:07:52 logger.go:35: Invalid ID format: strconv.Atoi: parsing "": invalid syntax
ERROR: 2025/09/01 22:34:15 logger.go:35: Server Failed: listen tcp 127.0.0.1:8080: bind: Only one usage of each socket address (protocol/network address/port) is normally permitted.
ERROR: 2025/09/01 22:36:26 logger.go:35: Server Failed: listen tcp 127.0.0.1:8080: bind: Only one usage of each socket address (protocol/network address/port) is normally permitted.
ERROR: 2025/09/01 22:37:23 logger.go:35: Server Failed: listen tcp 127.0.0.1:8080: bind: Only one usage of each socket address (protocol/network address/port) is normally permitted.
ERROR: 2025/09/08 16:33:33 logger.go:35: Invalid ID format: strconv.Atoi: parsing "null": invalid syntax
ERROR: 2025/09/08 16:33:37 logger.go:35: Invalid ID format: strconv.Atoi: parsing "null": invalid syntax
ERROR: 2025/09/08 16:33:43 logger.go:35: Invalid ID format: strconv.Atoi: parsing "null": invalid syntax
ERROR: 2025/09/08 16:34:16 logger.go:35: Invalid ID format: strconv.Atoi: parsing "null": invalid syntax
ERROR: 2025/09/08 16:34:55 logger.go:35: Invalid ID format: strconv.Atoi: parsing "null": invalid syntax
ERROR: 2025/09/08 16:34:58 logger.go:35: Invalid ID format: strconv.Atoi: parsing "null": invalid syntax
ERROR: 2025/09/08 16:38:15 logger.go:35: Invalid ID format: strconv.Atoi: parsing "null": invalid syntax
ERROR: 2025/09/08 16:38:21 logger.go:35: Invalid ID format: strconv.Atoi: parsing "null": invalid syntax
ERROR: 2025/09/08 16:39:56 logger.go:35: Invalid ID format: strconv.Atoi: parsing "null": invalid syntax
ERROR: 2025/09/08 16:41:19 logger.go:35: Invalid ID format: strconv.Atoi: parsing "null": invalid syntax
ERROR: 2025/09/08 16:42:03 logger.go:35: Invalid ID format: strconv.Atoi: parsing "null": invalid syntax
ERROR: 2025/09/08 16:42:38 logger.go:35: Invalid ID format: strconv.Atoi: parsing "null": invalid syntax
ERROR: 2025/09/08 16:43:24 logger.go:35: Invalid ID format: strconv.Atoi: parsing "null": invalid syntax
ERROR: 2025/09/08 16:43:39 logger.go:35: Invalid ID format: strconv.Atoi: parsing "null": invalid syntax
ERROR: 2025/09/08 17:25:11 logger.go:35: Invalid ID format: strconv.Atoi: parsing "": invalid syntax
ERROR: 2025/09/08 17:25:53 logger.go:35: Invalid ID format: strconv.Atoi: parsing "": invalid syntax
ERROR: 2025/09/08 17:26:16 logger.go:35: Invalid ID format: strconv.Atoi: parsing "null": invalid syntax
ERROR: 2025/09/08 17:26:20 logger.go:35: Invalid ID format: strconv.Atoi: parsing "null": invalid syntax
ERROR: 2025/09/08 17:27:35 logger.go:35: Invalid ID format: strconv.Atoi: parsing "null": invalid syntax
ERROR: 2025/09/08 17:28:16 logger.go:35: Invalid ID format: strconv.Atoi: parsing "null": invalid syntax
ERROR: 2025/09/08 17:30:09 logger.go:35: Invalid ID format: strconv.Atoi: parsing "null": invalid syntax
ERROR: 2025/09/08 17:31:28 logger.go:35: Invalid ID format: strconv.Atoi: parsing "null": invalid syntax
ERROR: 2025/09/08 17:31:33 logger.go:35: Invalid ID format: strconv.Atoi: parsing "null": invalid syntax
ERROR: 2025/09/08 17:34:41 logger.go:35: Invalid ID format: strconv.Atoi: parsing "null": invalid syntax
ERROR: 2025/09/08 17:36:18 logger.go:35: Invalid ID format: strconv.Atoi: parsing "null": invalid syntax
ERROR: 2025/09/08 17:36:32 logger.go:35: Invalid ID format: strconv.Atoi: parsing "null": invalid syntax
ERROR: 2025/09/08 17:37:27 logger.go:35: Invalid ID format: strconv.Atoi: parsing "null": invalid syntax
ERROR: 2025/09/08 17:39:30 logger.go:35: Invalid ID format: strconv.Atoi: parsing "null": invalid syntax
ERROR: 2025/09/08 17:39:49 logger.go:35: Invalid ID format: strconv.Atoi: parsing "null": invalid syntax
ERROR: 2025/09/08 17:42:33 logger.go:35: Invalid ID format: strconv.Atoi: parsing "null": invalid syntax
ERROR: 2025/09/08 17:46:02 logger.go:35: Invalid ID format: strconv.Atoi: parsing "null": invalid syntax
ERROR: 2025/09/08 17:46:08 logger.go:35: Invalid ID format: strconv.Atoi: parsing "null": invalid syntax
